Switch


%LINK-5-CHANGED: Interface FastEthernet0/22, changed state to up

%LINEPROTO-5-UPDOWN: Line protocol on Interface FastEthernet0/22, changed state to up


Switch>
Switch>
Switch>
Switch>
Switch>en
Switch#config t
Enter configuration commands, one per line.  End with CNTL/Z.
Switch(config)#
Switch(config)#
Switch(config)#hostname My_Switch
My_Switch(config)#^Z
My_Switch#
%SYS-5-CONFIG_I: Configured from console by console

My_Switch#show ?
  aaa                Show AAA values
  access-lists       List access lists
  arp                Arp table
  boot               show boot attributes
  cdp                CDP information
  clock              Display the system clock
  crypto             Encryption module
  dhcp               Dynamic Host Configuration Protocol status
  dtp                DTP information
  etherchannel       EtherChannel information
  flash:             display information about flash: file system
  history            Display the session command history
  hosts              IP domain-name, lookup style, nameservers, and host table
  interfaces         Interface status and configuration
  ip                 IP information
  lldp               LLDP information
  logging            Show the contents of logging buffers
  mac                MAC configuration
  mac-address-table  MAC forwarding table
  mls                Show MultiLayer Switching information
  monitor            SPAN information and configuration
  ntp                Network time protocol
  port-security      Show secure port information
  privilege          Show current privilege level
  processes          Active process statistics
  running-config     Current operating configuration
  sdm                Switch database management
  sessions           Information about Telnet connections
  snmp               snmp statistics
  spanning-tree      Spanning tree topology
  ssh                Status of SSH server connections
  startup-config     Contents of startup configuration
  storm-control      Show storm control configuration
  tcp                Status of TCP connections
  tech-support       Show system information for Tech-Support
  terminal           Display terminal configuration parameters
  users              Display information about terminal lines
  version            System hardware and software status

My_Switch#show vlan

VLAN Name                             Status    Ports
---- -------------------------------- --------- -------------------------------
1    default                          active    Fa0/1, Fa0/2, Fa0/3, Fa0/4
                                                Fa0/5, Fa0/6, Fa0/7, Fa0/8
                                                Fa0/9, Fa0/10, Fa0/11, Fa0/12
                                                Fa0/13, Fa0/14, Fa0/15, Fa0/16
                                                Fa0/17, Fa0/18, Fa0/19, Fa0/20
                                                Fa0/21, Fa0/22, Fa0/23, Fa0/24
                                                Gig0/1, Gig0/2
1002 fddi-default                     active    
1003 token-ring-default               active    
1004 fddinet-default                  active    
1005 trnet-default                    active    

VLAN Type  SAID       MTU   Parent RingNo BridgeNo Stp  BrdgMode Trans1 Trans2
---- ----- ---------- ----- ------ ------ -------- ---- -------- ------ ------
1    enet  100001     1500  -      -      -        -    -        0      0
1002 fddi  101002     1500  -      -      -        -    -        0      0   
1003 tr    101003     1500  -      -      -        -    -        0      0   
1004 fdnet 101004     1500  -      -      -        ieee -        0      0   
1005 trnet 101005     1500  -      -      -        ibm  -        0      0   

VLAN Type  SAID       MTU   Parent RingNo BridgeNo Stp  BrdgMode Trans1 Trans2
---- ----- ---------- ----- ------ ------ -------- ---- -------- ------ ------

Remote SPAN VLANs
------------------------------------------------------------------------------

Primary Secondary Type              Ports
------- --------- ----------------- ------------------------------------------
My_Switch#config t
Enter configuration commands, one per line.  End with CNTL/Z.
My_Switch(config)#
My_Switch(config)#
My_Switch(config)#int range fa0/2-5
My_Switch(config-if-range)#
My_Switch(config-if-range)#
My_Switch(config-if-range)#
My_Switch(config-if-range)#^Z
My_Switch#
%SYS-5-CONFIG_I: Configured from console by console

My_Switch#config t
Enter configuration commands, one per line.  End with CNTL/Z.
My_Switch(config)#vlan 0.1
                       ^
% Invalid input detected at '^' marker.
	
My_Switch(config)#vlan 100
My_Switch(config-vlan)#name Admin
My_Switch(config-vlan)#ex
My_Switch(config)#
My_Switch(config)#vlan 200
My_Switch(config-vlan)#name HR
My_Switch(config-vlan)#ex
My_Switch(config)#
My_Switch(config)#vlan 300
My_Switch(config-vlan)#name Marketing
My_Switch(config-vlan)#ex
My_Switch(config)#
My_Switch(config)#vlan 400
My_Switch(config-vlan)#name IT
My_Switch(config-vlan)#ex
My_Switch(config)#
My_Switch(config)#vlan 500
My_Switch(config-vlan)#name Guest
My_Switch(config-vlan)#ex
My_Switch(config)#
My_Switch(config)#
My_Switch(config)#int range fa0/2-5
My_Switch(config-if-range)#switchport mode access
My_Switch(config-if-range)#switchport access vlan 100
My_Switch(config-if-range)#ex
My_Switch(config)#
My_Switch(config)#int range fa0/6-10
My_Switch(config-if-range)#switchport mode access
My_Switch(config-if-range)#switchport access vlan 200
My_Switch(config-if-range)#ex
My_Switch(config)#
My_Switch(config)#int range fa0/11-15
My_Switch(config-if-range)#switchport mode access vlan 300
                                                  ^
% Invalid input detected at '^' marker.
	
My_Switch(config-if-range)#switchport mode access
My_Switch(config-if-range)#swtichport access vlan 300
                             ^
% Invalid input detected at '^' marker.
	
My_Switch(config-if-range)#switchport access vlan 300
My_Switch(config-if-range)#ex
My_Switch(config)#
My_Switch(config)#int range fa0/16-20
My_Switch(config-if-range)#switchport mode access
My_Switch(config-if-range)#switchport access vlan 400
My_Switch(config-if-range)#ex
My_Switch(config)#
My_Switch(config)#int range fa0/21-25
interface range not validated - command rejected
My_Switch(config)#int range fa0/21-24
My_Switch(config-if-range)#switchport mode access
My_Switch(config-if-range)#switchport access vlan 500
My_Switch(config-if-range)#ex
My_Switch(config)#
My_Switch(config)#
My_Switch(config)#
My_Switch(config)#int fa0/1
My_Switch(config-if)#switchport mode trunk
My_Switch(config-if)#switchport trunk allowed vlan 100,200,300,400,500
My_Switch(config-if)#ex
My_Switch(config)#end
My_Switch#
%SYS-5-CONFIG_I: Configured from console by console

My_Switch#write memory
Building configuration...
[OK]
My_Switch#
My_Switch#